---
http_interactions:
- request:
    method: get
    uri: https://api.themoviedb.org/3/search/movie?api_key=--PRIVATE--&query=Jack%2BReacher
    body:
      encoding: US-ASCII
      string: ''
    headers:
      User-Agent:
      - Faraday v0.9.2
      Accept-Encoding:
      - gzip;q=1.0,deflate;q=0.6,identity;q=0.3
      Accept:
      - "*/*"
  response:
    status:
      code: 200
      message: OK
    headers:
      Content-Type:
      - application/json;charset=utf-8
      Transfer-Encoding:
      - chunked
      Connection:
      - keep-alive
      Date:
      - Sat, 27 Mar 2021 21:43:30 GMT
      Server:
      - openresty
      Access-Control-Allow-Origin:
      - "*"
      Access-Control-Allow-Methods:
      - GET, HEAD, POST, PUT, DELETE, OPTIONS
      Access-Control-Expose-Headers:
      - ETag, X-RateLimit-Limit, X-RateLimit-Remaining, X-RateLimit-Reset, Retry-After,
        Content-Length, Content-Range
      Cache-Control:
      - public, max-age=600
      Vary:
      - Accept-Encoding
      X-Cache:
      - Miss from cloudfront
      Via:
      - 1.1 cddde15c11afac53ac9fe7978dcfecd7.cloudfront.net (CloudFront)
      X-Amz-Cf-Pop:
      - DEN50-C2
      X-Amz-Cf-Id:
      - uJq8ztw0NAP46KzHatPCWkPCz8lRa44StZvaAKDEW5AGwgjUHj2dyQ==
    body:
      encoding: ASCII-8BIT
      string: '{"page":1,"results":[{"adult":false,"backdrop_path":"/k7h4RNAarfOrF2r2YMN0P2FQSr4.jpg","genre_ids":[80,18,53,28],"id":75780,"original_language":"en","original_title":"Jack
        Reacher","overview":"When a gunman takes five lives with six shots, all evidence
        points to the suspect in custody. On interrogation, the suspect offers up
        a single note: \"Get Jack Reacher!\" So begins an extraordinary chase for
        the truth, pitting Jack Reacher against an unexpected enemy, with a skill
        for violence and a secret to keep.","popularity":38.41,"poster_path":"/zlyhKMi2aLk25nOHnNm43MpZMtQ.jpg","release_date":"2012-12-20","title":"Jack
        Reacher","video":false,"vote_average":6.5,"vote_count":5158},{"adult":false,"backdrop_path":"/ww1eIoywghjoMzRLRIcbJLuKnJH.jpg","genre_ids":[28],"id":343611,"original_language":"en","original_title":"Jack
        Reacher: Never Go Back","overview":"Jack Reacher must uncover the truth behind
        a major government conspiracy in order to clear his name. On the run as a
        fugitive from the law, Reacher uncovers a potential secret from his past that
        could change his life forever.","popularity":42.972,"poster_path":"/wxLUQ1pIms3HAlVGYvEG9zg2kDs.jpg","release_date":"2016-10-19","title":"Jack
        Reacher: Never Go Back","video":false,"vote_average":5.8,"vote_count":3519}],"total_pages":1,"total_results":2}'
  recorded_at: Sat, 27 Mar 2021 21:43:30 GMT
- request:
    method: get
    uri: https://api.themoviedb.org/3/search/movie?api_key=--PRIVATE--&query=Jack%2BReacher
    body:
      encoding: US-ASCII
      string: ''
    headers:
      User-Agent:
      - Faraday v0.9.2
      Accept-Encoding:
      - gzip;q=1.0,deflate;q=0.6,identity;q=0.3
      Accept:
      - "*/*"
  response:
    status:
      code: 200
      message: OK
    headers:
      Content-Type:
      - application/json;charset=utf-8
      Transfer-Encoding:
      - chunked
      Connection:
      - keep-alive
      Date:
      - Sat, 27 Mar 2021 21:43:30 GMT
      Server:
      - openresty
      Access-Control-Allow-Origin:
      - "*"
      Access-Control-Allow-Methods:
      - GET, HEAD, POST, PUT, DELETE, OPTIONS
      Access-Control-Expose-Headers:
      - ETag, X-RateLimit-Limit, X-RateLimit-Remaining, X-RateLimit-Reset, Retry-After,
        Content-Length, Content-Range
      Cache-Control:
      - public, max-age=600
      Vary:
      - Accept-Encoding
      X-Cache:
      - Hit from cloudfront
      Via:
      - 1.1 e158a5cd644f102abc630a9f56b59d78.cloudfront.net (CloudFront)
      X-Amz-Cf-Pop:
      - DEN50-C2
      X-Amz-Cf-Id:
      - P8HE3l8LxZCKKnbkgnBVSlIpLIkp48b-t-dwZs2EslaCXqedBelzCQ==
    body:
      encoding: ASCII-8BIT
      string: '{"page":1,"results":[{"adult":false,"backdrop_path":"/k7h4RNAarfOrF2r2YMN0P2FQSr4.jpg","genre_ids":[80,18,53,28],"id":75780,"original_language":"en","original_title":"Jack
        Reacher","overview":"When a gunman takes five lives with six shots, all evidence
        points to the suspect in custody. On interrogation, the suspect offers up
        a single note: \"Get Jack Reacher!\" So begins an extraordinary chase for
        the truth, pitting Jack Reacher against an unexpected enemy, with a skill
        for violence and a secret to keep.","popularity":38.41,"poster_path":"/zlyhKMi2aLk25nOHnNm43MpZMtQ.jpg","release_date":"2012-12-20","title":"Jack
        Reacher","video":false,"vote_average":6.5,"vote_count":5158},{"adult":false,"backdrop_path":"/ww1eIoywghjoMzRLRIcbJLuKnJH.jpg","genre_ids":[28],"id":343611,"original_language":"en","original_title":"Jack
        Reacher: Never Go Back","overview":"Jack Reacher must uncover the truth behind
        a major government conspiracy in order to clear his name. On the run as a
        fugitive from the law, Reacher uncovers a potential secret from his past that
        could change his life forever.","popularity":42.972,"poster_path":"/wxLUQ1pIms3HAlVGYvEG9zg2kDs.jpg","release_date":"2016-10-19","title":"Jack
        Reacher: Never Go Back","video":false,"vote_average":5.8,"vote_count":3519}],"total_pages":1,"total_results":2}'
  recorded_at: Sat, 27 Mar 2021 21:43:30 GMT
- request:
    method: get
    uri: https://api.themoviedb.org/3/search/movie?api_key=--PRIVATE--&query=Jack%2BReacher
    body:
      encoding: US-ASCII
      string: ''
    headers:
      User-Agent:
      - Faraday v0.9.2
      Accept-Encoding:
      - gzip;q=1.0,deflate;q=0.6,identity;q=0.3
      Accept:
      - "*/*"
  response:
    status:
      code: 200
      message: OK
    headers:
      Content-Type:
      - application/json;charset=utf-8
      Transfer-Encoding:
      - chunked
      Connection:
      - keep-alive
      Date:
      - Sat, 27 Mar 2021 21:43:30 GMT
      Server:
      - openresty
      Access-Control-Allow-Origin:
      - "*"
      Access-Control-Allow-Methods:
      - GET, HEAD, POST, PUT, DELETE, OPTIONS
      Access-Control-Expose-Headers:
      - ETag, X-RateLimit-Limit, X-RateLimit-Remaining, X-RateLimit-Reset, Retry-After,
        Content-Length, Content-Range
      Cache-Control:
      - public, max-age=600
      Vary:
      - Accept-Encoding
      X-Cache:
      - Hit from cloudfront
      Via:
      - 1.1 9c7e5857d78c5dc89042979317de5843.cloudfront.net (CloudFront)
      X-Amz-Cf-Pop:
      - DEN50-C2
      X-Amz-Cf-Id:
      - 7PO8YLAfSy1VvFSKQdzMV-7-USQh9NJ1FV6lsRjZeetO5F25vdxKfA==
    body:
      encoding: ASCII-8BIT
      string: '{"page":1,"results":[{"adult":false,"backdrop_path":"/k7h4RNAarfOrF2r2YMN0P2FQSr4.jpg","genre_ids":[80,18,53,28],"id":75780,"original_language":"en","original_title":"Jack
        Reacher","overview":"When a gunman takes five lives with six shots, all evidence
        points to the suspect in custody. On interrogation, the suspect offers up
        a single note: \"Get Jack Reacher!\" So begins an extraordinary chase for
        the truth, pitting Jack Reacher against an unexpected enemy, with a skill
        for violence and a secret to keep.","popularity":38.41,"poster_path":"/zlyhKMi2aLk25nOHnNm43MpZMtQ.jpg","release_date":"2012-12-20","title":"Jack
        Reacher","video":false,"vote_average":6.5,"vote_count":5158},{"adult":false,"backdrop_path":"/ww1eIoywghjoMzRLRIcbJLuKnJH.jpg","genre_ids":[28],"id":343611,"original_language":"en","original_title":"Jack
        Reacher: Never Go Back","overview":"Jack Reacher must uncover the truth behind
        a major government conspiracy in order to clear his name. On the run as a
        fugitive from the law, Reacher uncovers a potential secret from his past that
        could change his life forever.","popularity":42.972,"poster_path":"/wxLUQ1pIms3HAlVGYvEG9zg2kDs.jpg","release_date":"2016-10-19","title":"Jack
        Reacher: Never Go Back","video":false,"vote_average":5.8,"vote_count":3519}],"total_pages":1,"total_results":2}'
  recorded_at: Sat, 27 Mar 2021 21:43:30 GMT
- request:
    method: get
    uri: https://api.themoviedb.org/3/search/movie?api_key=--PRIVATE--&query=Jack%2BReacher
    body:
      encoding: US-ASCII
      string: ''
    headers:
      User-Agent:
      - Faraday v0.9.2
      Accept-Encoding:
      - gzip;q=1.0,deflate;q=0.6,identity;q=0.3
      Accept:
      - "*/*"
  response:
    status:
      code: 200
      message: OK
    headers:
      Content-Type:
      - application/json;charset=utf-8
      Transfer-Encoding:
      - chunked
      Connection:
      - keep-alive
      Date:
      - Sat, 27 Mar 2021 21:43:30 GMT
      Server:
      - openresty
      Access-Control-Allow-Origin:
      - "*"
      Access-Control-Allow-Methods:
      - GET, HEAD, POST, PUT, DELETE, OPTIONS
      Access-Control-Expose-Headers:
      - ETag, X-RateLimit-Limit, X-RateLimit-Remaining, X-RateLimit-Reset, Retry-After,
        Content-Length, Content-Range
      Cache-Control:
      - public, max-age=600
      Vary:
      - Accept-Encoding
      X-Cache:
      - Hit from cloudfront
      Via:
      - 1.1 0f653303bc95b26f01daff2926667902.cloudfront.net (CloudFront)
      X-Amz-Cf-Pop:
      - DEN50-C2
      X-Amz-Cf-Id:
      - 4SWhLR1k2ZY5lRIHWCvNIe7vGz-GyMmLX4Il11VlUWdZV9WuccVFIw==
    body:
      encoding: ASCII-8BIT
      string: '{"page":1,"results":[{"adult":false,"backdrop_path":"/k7h4RNAarfOrF2r2YMN0P2FQSr4.jpg","genre_ids":[80,18,53,28],"id":75780,"original_language":"en","original_title":"Jack
        Reacher","overview":"When a gunman takes five lives with six shots, all evidence
        points to the suspect in custody. On interrogation, the suspect offers up
        a single note: \"Get Jack Reacher!\" So begins an extraordinary chase for
        the truth, pitting Jack Reacher against an unexpected enemy, with a skill
        for violence and a secret to keep.","popularity":38.41,"poster_path":"/zlyhKMi2aLk25nOHnNm43MpZMtQ.jpg","release_date":"2012-12-20","title":"Jack
        Reacher","video":false,"vote_average":6.5,"vote_count":5158},{"adult":false,"backdrop_path":"/ww1eIoywghjoMzRLRIcbJLuKnJH.jpg","genre_ids":[28],"id":343611,"original_language":"en","original_title":"Jack
        Reacher: Never Go Back","overview":"Jack Reacher must uncover the truth behind
        a major government conspiracy in order to clear his name. On the run as a
        fugitive from the law, Reacher uncovers a potential secret from his past that
        could change his life forever.","popularity":42.972,"poster_path":"/wxLUQ1pIms3HAlVGYvEG9zg2kDs.jpg","release_date":"2016-10-19","title":"Jack
        Reacher: Never Go Back","video":false,"vote_average":5.8,"vote_count":3519}],"total_pages":1,"total_results":2}'
  recorded_at: Sat, 27 Mar 2021 21:43:30 GMT
- request:
    method: get
    uri: https://api.themoviedb.org/3/search/movie?api_key=--PRIVATE--&query=Jack%2BReacher
    body:
      encoding: US-ASCII
      string: ''
    headers:
      User-Agent:
      - Faraday v0.9.2
      Accept-Encoding:
      - gzip;q=1.0,deflate;q=0.6,identity;q=0.3
      Accept:
      - "*/*"
  response:
    status:
      code: 200
      message: OK
    headers:
      Content-Type:
      - application/json;charset=utf-8
      Transfer-Encoding:
      - chunked
      Connection:
      - keep-alive
      Date:
      - Sat, 27 Mar 2021 21:43:30 GMT
      Server:
      - openresty
      Access-Control-Allow-Origin:
      - "*"
      Access-Control-Allow-Methods:
      - GET, HEAD, POST, PUT, DELETE, OPTIONS
      Access-Control-Expose-Headers:
      - ETag, X-RateLimit-Limit, X-RateLimit-Remaining, X-RateLimit-Reset, Retry-After,
        Content-Length, Content-Range
      Cache-Control:
      - public, max-age=600
      Vary:
      - Accept-Encoding
      X-Cache:
      - Hit from cloudfront
      Via:
      - 1.1 c29390732f5bc4b2c7832623ae6e492f.cloudfront.net (CloudFront)
      X-Amz-Cf-Pop:
      - DEN50-C2
      X-Amz-Cf-Id:
      - KLbEmXI7M-4_1i3VNUei9ePWiUPzcSUcBNt_DLBlqWUmvwMaEEHqIw==
      Age:
      - '1'
    body:
      encoding: ASCII-8BIT
      string: '{"page":1,"results":[{"adult":false,"backdrop_path":"/k7h4RNAarfOrF2r2YMN0P2FQSr4.jpg","genre_ids":[80,18,53,28],"id":75780,"original_language":"en","original_title":"Jack
        Reacher","overview":"When a gunman takes five lives with six shots, all evidence
        points to the suspect in custody. On interrogation, the suspect offers up
        a single note: \"Get Jack Reacher!\" So begins an extraordinary chase for
        the truth, pitting Jack Reacher against an unexpected enemy, with a skill
        for violence and a secret to keep.","popularity":38.41,"poster_path":"/zlyhKMi2aLk25nOHnNm43MpZMtQ.jpg","release_date":"2012-12-20","title":"Jack
        Reacher","video":false,"vote_average":6.5,"vote_count":5158},{"adult":false,"backdrop_path":"/ww1eIoywghjoMzRLRIcbJLuKnJH.jpg","genre_ids":[28],"id":343611,"original_language":"en","original_title":"Jack
        Reacher: Never Go Back","overview":"Jack Reacher must uncover the truth behind
        a major government conspiracy in order to clear his name. On the run as a
        fugitive from the law, Reacher uncovers a potential secret from his past that
        could change his life forever.","popularity":42.972,"poster_path":"/wxLUQ1pIms3HAlVGYvEG9zg2kDs.jpg","release_date":"2016-10-19","title":"Jack
        Reacher: Never Go Back","video":false,"vote_average":5.8,"vote_count":3519}],"total_pages":1,"total_results":2}'
  recorded_at: Sat, 27 Mar 2021 21:43:31 GMT
recorded_with: VCR 6.0.0
