---
http_interactions:
- request:
    method: get
    uri: https://api.themoviedb.org/3/movie/100?api_key=--PRIVATE--&language=en-US
    body:
      encoding: US-ASCII
      string: ''
    headers:
      User-Agent:
      - Faraday v0.9.2
      Accept-Encoding:
      - gzip;q=1.0,deflate;q=0.6,identity;q=0.3
      Accept:
      - "*/*"
  response:
    status:
      code: 200
      message: OK
    headers:
      Content-Type:
      - application/json;charset=utf-8
      Transfer-Encoding:
      - chunked
      Connection:
      - keep-alive
      Date:
      - Sat, 27 Mar 2021 17:41:57 GMT
      Server:
      - openresty
      Access-Control-Allow-Origin:
      - "*"
      Access-Control-Allow-Methods:
      - GET, HEAD, POST, PUT, DELETE, OPTIONS
      Access-Control-Expose-Headers:
      - ETag, X-RateLimit-Limit, X-RateLimit-Remaining, X-RateLimit-Reset, Retry-After,
        Content-Length, Content-Range
      Cache-Control:
      - public, max-age=21600
      X-Memc:
      - HIT
      X-Memc-Key:
      - 6f4c2280f4a0a7993e5dfaea76a290f45af97d9d
      X-Memc-Age:
      - '16022'
      X-Memc-Expires:
      - '5578'
      Etag:
      - W/"931139b25d554f0c344be4b98a91bce5"
      Vary:
      - Accept-Encoding
      X-Cache:
      - Hit from cloudfront
      Via:
      - 1.1 0e018abb74f4918cb6e427c3e0a7ee33.cloudfront.net (CloudFront)
      X-Amz-Cf-Pop:
      - DEN50-C2
      X-Amz-Cf-Id:
      - sBnebEm5Aqfk7TjhsNYVoBNkamM-3ktJCqTMQDhuBCNBVjaHnX23Vg==
      Age:
      - '14501'
    body:
      encoding: ASCII-8BIT
      string: '{"adult":false,"backdrop_path":"/tY6zVyt0OubPgCapbXFJLKhQqSu.jpg","belongs_to_collection":null,"budget":1350000,"genres":[{"id":35,"name":"Comedy"},{"id":80,"name":"Crime"}],"homepage":"http://www.universalstudiosentertainment.com/lock-stock-and-two-smoking-barrels/","id":100,"imdb_id":"tt0120735","original_language":"en","original_title":"Lock,
        Stock and Two Smoking Barrels","overview":"A card shark and his unwillingly-enlisted
        friends need to make a lot of cash quick after losing a sketchy poker match.
        To do this they decide to pull a heist on a small-time gang who happen to
        be operating out of the flat next door.","popularity":10.076,"poster_path":"/8kSerJrhrJWKLk1LViesGcnrUPE.jpg","production_companies":[{"id":491,"logo_path":"/rUp0lLKa1pr4UsPm8fgzmnNGxtq.png","name":"Summit
        Entertainment","origin_country":"US"},{"id":21920,"logo_path":null,"name":"The
        Steve Tisch Company","origin_country":""},{"id":13419,"logo_path":null,"name":"SKA
        Films","origin_country":""},{"id":1382,"logo_path":"/sOg7LGESPH5vCTOIdbMhLuypoLL.png","name":"PolyGram
        Filmed Entertainment","origin_country":"US"},{"id":20076,"logo_path":"/i9qXGJIP9fGN22PP5jXUVENbyHi.png","name":"HandMade
        Films","origin_country":"GB"}],"production_countries":[{"iso_3166_1":"GB","name":"United
        Kingdom"}],"release_date":"1998-03-05","revenue":28356188,"runtime":105,"spoken_languages":[{"english_name":"English","iso_639_1":"en","name":"English"}],"status":"Released","tagline":"A
        Disgrace to Criminals Everywhere.","title":"Lock, Stock and Two Smoking Barrels","video":false,"vote_average":8.2,"vote_count":4705}'
  recorded_at: Sat, 27 Mar 2021 21:43:38 GMT
- request:
    method: get
    uri: https://api.themoviedb.org/3/movie/100?api_key=--PRIVATE--&language=en-US
    body:
      encoding: US-ASCII
      string: ''
    headers:
      User-Agent:
      - Faraday v0.9.2
      Accept-Encoding:
      - gzip;q=1.0,deflate;q=0.6,identity;q=0.3
      Accept:
      - "*/*"
  response:
    status:
      code: 200
      message: OK
    headers:
      Content-Type:
      - application/json;charset=utf-8
      Transfer-Encoding:
      - chunked
      Connection:
      - keep-alive
      Date:
      - Sat, 27 Mar 2021 17:41:57 GMT
      Server:
      - openresty
      Access-Control-Allow-Origin:
      - "*"
      Access-Control-Allow-Methods:
      - GET, HEAD, POST, PUT, DELETE, OPTIONS
      Access-Control-Expose-Headers:
      - ETag, X-RateLimit-Limit, X-RateLimit-Remaining, X-RateLimit-Reset, Retry-After,
        Content-Length, Content-Range
      Cache-Control:
      - public, max-age=21600
      X-Memc:
      - HIT
      X-Memc-Key:
      - 6f4c2280f4a0a7993e5dfaea76a290f45af97d9d
      X-Memc-Age:
      - '16022'
      X-Memc-Expires:
      - '5578'
      Etag:
      - W/"931139b25d554f0c344be4b98a91bce5"
      Vary:
      - Accept-Encoding
      X-Cache:
      - Hit from cloudfront
      Via:
      - 1.1 dc50b0effd72a7b2c19bcb0909cfae82.cloudfront.net (CloudFront)
      X-Amz-Cf-Pop:
      - DEN50-C2
      X-Amz-Cf-Id:
      - CSRzm53Bkmw7i-6jXEGpa0tZ41NLXPB00h1CKYRrHdkGR__SZLP_3A==
      Age:
      - '14501'
    body:
      encoding: ASCII-8BIT
      string: '{"adult":false,"backdrop_path":"/tY6zVyt0OubPgCapbXFJLKhQqSu.jpg","belongs_to_collection":null,"budget":1350000,"genres":[{"id":35,"name":"Comedy"},{"id":80,"name":"Crime"}],"homepage":"http://www.universalstudiosentertainment.com/lock-stock-and-two-smoking-barrels/","id":100,"imdb_id":"tt0120735","original_language":"en","original_title":"Lock,
        Stock and Two Smoking Barrels","overview":"A card shark and his unwillingly-enlisted
        friends need to make a lot of cash quick after losing a sketchy poker match.
        To do this they decide to pull a heist on a small-time gang who happen to
        be operating out of the flat next door.","popularity":10.076,"poster_path":"/8kSerJrhrJWKLk1LViesGcnrUPE.jpg","production_companies":[{"id":491,"logo_path":"/rUp0lLKa1pr4UsPm8fgzmnNGxtq.png","name":"Summit
        Entertainment","origin_country":"US"},{"id":21920,"logo_path":null,"name":"The
        Steve Tisch Company","origin_country":""},{"id":13419,"logo_path":null,"name":"SKA
        Films","origin_country":""},{"id":1382,"logo_path":"/sOg7LGESPH5vCTOIdbMhLuypoLL.png","name":"PolyGram
        Filmed Entertainment","origin_country":"US"},{"id":20076,"logo_path":"/i9qXGJIP9fGN22PP5jXUVENbyHi.png","name":"HandMade
        Films","origin_country":"GB"}],"production_countries":[{"iso_3166_1":"GB","name":"United
        Kingdom"}],"release_date":"1998-03-05","revenue":28356188,"runtime":105,"spoken_languages":[{"english_name":"English","iso_639_1":"en","name":"English"}],"status":"Released","tagline":"A
        Disgrace to Criminals Everywhere.","title":"Lock, Stock and Two Smoking Barrels","video":false,"vote_average":8.2,"vote_count":4705}'
  recorded_at: Sat, 27 Mar 2021 21:43:38 GMT
- request:
    method: get
    uri: https://api.themoviedb.org/3/movie/100?api_key=--PRIVATE--&language=en-US
    body:
      encoding: US-ASCII
      string: ''
    headers:
      User-Agent:
      - Faraday v0.9.2
      Accept-Encoding:
      - gzip;q=1.0,deflate;q=0.6,identity;q=0.3
      Accept:
      - "*/*"
  response:
    status:
      code: 200
      message: OK
    headers:
      Content-Type:
      - application/json;charset=utf-8
      Transfer-Encoding:
      - chunked
      Connection:
      - keep-alive
      Date:
      - Sat, 27 Mar 2021 17:41:57 GMT
      Server:
      - openresty
      Access-Control-Allow-Origin:
      - "*"
      Access-Control-Allow-Methods:
      - GET, HEAD, POST, PUT, DELETE, OPTIONS
      Access-Control-Expose-Headers:
      - ETag, X-RateLimit-Limit, X-RateLimit-Remaining, X-RateLimit-Reset, Retry-After,
        Content-Length, Content-Range
      Cache-Control:
      - public, max-age=21600
      X-Memc:
      - HIT
      X-Memc-Key:
      - 6f4c2280f4a0a7993e5dfaea76a290f45af97d9d
      X-Memc-Age:
      - '16022'
      X-Memc-Expires:
      - '5578'
      Etag:
      - W/"931139b25d554f0c344be4b98a91bce5"
      Vary:
      - Accept-Encoding
      X-Cache:
      - Hit from cloudfront
      Via:
      - 1.1 9cefde3a3c84cc779d3c26a39c2e4430.cloudfront.net (CloudFront)
      X-Amz-Cf-Pop:
      - DEN50-C2
      X-Amz-Cf-Id:
      - qCtrDVKKVmjtgAOft-aWD0QkfF3ZinvmhZ8JlwliHQnJXVGmSyMRgQ==
      Age:
      - '14501'
    body:
      encoding: ASCII-8BIT
      string: '{"adult":false,"backdrop_path":"/tY6zVyt0OubPgCapbXFJLKhQqSu.jpg","belongs_to_collection":null,"budget":1350000,"genres":[{"id":35,"name":"Comedy"},{"id":80,"name":"Crime"}],"homepage":"http://www.universalstudiosentertainment.com/lock-stock-and-two-smoking-barrels/","id":100,"imdb_id":"tt0120735","original_language":"en","original_title":"Lock,
        Stock and Two Smoking Barrels","overview":"A card shark and his unwillingly-enlisted
        friends need to make a lot of cash quick after losing a sketchy poker match.
        To do this they decide to pull a heist on a small-time gang who happen to
        be operating out of the flat next door.","popularity":10.076,"poster_path":"/8kSerJrhrJWKLk1LViesGcnrUPE.jpg","production_companies":[{"id":491,"logo_path":"/rUp0lLKa1pr4UsPm8fgzmnNGxtq.png","name":"Summit
        Entertainment","origin_country":"US"},{"id":21920,"logo_path":null,"name":"The
        Steve Tisch Company","origin_country":""},{"id":13419,"logo_path":null,"name":"SKA
        Films","origin_country":""},{"id":1382,"logo_path":"/sOg7LGESPH5vCTOIdbMhLuypoLL.png","name":"PolyGram
        Filmed Entertainment","origin_country":"US"},{"id":20076,"logo_path":"/i9qXGJIP9fGN22PP5jXUVENbyHi.png","name":"HandMade
        Films","origin_country":"GB"}],"production_countries":[{"iso_3166_1":"GB","name":"United
        Kingdom"}],"release_date":"1998-03-05","revenue":28356188,"runtime":105,"spoken_languages":[{"english_name":"English","iso_639_1":"en","name":"English"}],"status":"Released","tagline":"A
        Disgrace to Criminals Everywhere.","title":"Lock, Stock and Two Smoking Barrels","video":false,"vote_average":8.2,"vote_count":4705}'
  recorded_at: Sat, 27 Mar 2021 21:43:38 GMT
recorded_with: VCR 6.0.0
